C51 COMPILER V8.05a   WATERLEVELCONTROL_GROUP_9                                            06/24/2021 02:05:14 PAGE 1   


C51 COMPILER V8.05a, COMPILATION OF MODULE WATERLEVELCONTROL_GROUP_9
OBJECT MODULE PLACED IN WaterlevelControl_Group_9.OBJ
COMPILER INVOKED BY: C:\Keil\C51\BIN\C51.EXE WaterlevelControl_Group_9.c BROWSE DEBUG OBJECTEXTEND

line level    source

   1          #include<reg51.h>
   2          
   3          sbit RS=P1^0;
   4          sbit RW=P1^1;
   5          sbit EN=P1^2;
   6          
   7          sbit in0=P3^0;
   8          sbit in1=P3^1;
   9          sbit in2=P3^2;
  10          sbit in3=P3^3;
  11          
  12          sbit relay=P3^4;
  13          
  14          void delay();
  15          void lcdcmd(unsigned char);
  16          void lcddat(unsigned char);
  17          void delayled();
  18          void delay()
  19          {
  20   1      int i;
  21   1      for(i=0;i<=1275;i++);
  22   1      }
  23          void delayled()
  24          {
  25   1      int i,j;for(i=0;i<=1275;i++)
  26   1      for(j=0;j<=10;j++);
  27   1      }
  28          void lcdcmd(unsigned char val)
  29          {
  30   1      P2=val;
  31   1      RS=0;
  32   1      RW=0;
  33   1      EN=1;
  34   1      delay();
  35   1      EN=0;
  36   1      }
  37          void lcddat(unsigned char val)
  38          {
  39   1      P2=val;
  40   1      RS=1;
  41   1      RW=0;
  42   1      EN=1;
  43   1      delay();
  44   1      EN=0;
  45   1      }
  46          void main()
  47          {
  48   1      char i;
  49   1      //char a[]={"WATER Level INDICATOR "};
  50   1      char b[]={"Empty"};
  51   1      char c[]={"Quarter"};
  52   1      char d[]={"Half"};
  53   1      char e[]={"3/4th"};
  54   1      char f[]={"Full"};
  55   1      relay=0;
C51 COMPILER V8.05a   WATERLEVELCONTROL_GROUP_9                                            06/24/2021 02:05:14 PAGE 2   

  56   1      P2=0x00;
  57   1      lcdcmd(0x38);
  58   1      lcdcmd(0x10);
  59   1      lcdcmd(0x0c);
  60   1      lcdcmd(0x80);
  61   1      
  62   1      in0=0;
  63   1      in1=0;
  64   1      in2=0;
  65   1      in3=0;
  66   1              while(1)
  67   1              {
  68   2                      if(in0!=1 && in1!=1 && in2!=1 && in3!=1)
  69   2                      {
  70   3                              relay=1;
  71   3                              
  72   3                              for(i=0;c[i]!=0;i++)
  73   3                              {
  74   4                                      lcddat(" ");
*** WARNING C214 IN LINE 74 OF WATERLEVELCONTROL_GROUP_9.C: 'Argument': conversion: pointer to non-pointer
  75   4                      
  76   4                              }
  77   3                              lcdcmd(0xc0);
  78   3                              for(i=0;b[i]!=0;i++)
  79   3                              {
  80   4                                      lcddat(b[i]);
  81   4                      
  82   4                              }
  83   3                      }
  84   2                      else if(in3==1)
  85   2                      {
  86   3                              relay=0;
  87   3                      
  88   3                              for(i=0;c[i]!=0;i++)
  89   3                              {
  90   4                                      lcddat(" ");
*** WARNING C214 IN LINE 90 OF WATERLEVELCONTROL_GROUP_9.C: 'Argument': conversion: pointer to non-pointer
  91   4                      
  92   4                              }
  93   3                              lcdcmd(0xc0);
  94   3                              for(i=0;f[i]!=0;i++)
  95   3                              {
  96   4                                      lcddat(f[i]);
  97   4                              
  98   4                              }
  99   3                      
 100   3                      }
 101   2                      else if(in2==1)
 102   2                      {
 103   3                              relay=1;
 104   3                      
 105   3                                      for(i=0;c[i]!=0;i++)
 106   3                              {
 107   4                                      lcddat(" ");
*** WARNING C214 IN LINE 107 OF WATERLEVELCONTROL_GROUP_9.C: 'Argument': conversion: pointer to non-pointer
 108   4                      
 109   4                              }
 110   3                              lcdcmd(0xc0);
 111   3                              for(i=0;e[i]!=0;i++)
 112   3                              {
 113   4                                      lcddat(e[i]);
 114   4                                      
C51 COMPILER V8.05a   WATERLEVELCONTROL_GROUP_9                                            06/24/2021 02:05:14 PAGE 3   

 115   4                              }
 116   3                      }
 117   2                      else if(in1==1)
 118   2                      {
 119   3                              relay=1;
 120   3                              
 121   3                                      for(i=0;c[i]!=0;i++)
 122   3                              {
 123   4                                      lcddat(" ");
*** WARNING C214 IN LINE 123 OF WATERLEVELCONTROL_GROUP_9.C: 'Argument': conversion: pointer to non-pointer
 124   4                      
 125   4                              }
 126   3                                      lcdcmd(0xc0);
 127   3                              for(i=0;d[i]!=0;i++)
 128   3                              {
 129   4                                      lcddat(d[i]);
 130   4                              }
 131   3                      }
 132   2                      else if(in0==1)
 133   2                      {
 134   3                                      relay=1;
 135   3                      
 136   3      
 137   3                                      for(i=0;c[i]!=0;i++)
 138   3                              {
 139   4                                      lcddat(" ");
*** WARNING C214 IN LINE 139 OF WATERLEVELCONTROL_GROUP_9.C: 'Argument': conversion: pointer to non-pointer
 140   4                      
 141   4                              }
 142   3                              lcdcmd(0xc0);
 143   3                              for(i=0;c[i]!=0;i++)
 144   3                              {
 145   4                                      lcddat(c[i]);
 146   4                              }
 147   3                      }
 148   2              }
 149   1      }


MODULE INFORMATION:   STATIC OVERLAYABLE
   CODE SIZE        =    466    ----
   CONSTANT SIZE    =     32    ----
   XDATA SIZE       =   ----    ----
   PDATA SIZE       =   ----    ----
   DATA SIZE        =   ----      31
   IDATA SIZE       =   ----    ----
   BIT SIZE         =   ----    ----
END OF MODULE INFORMATION.


C51 COMPILATION COMPLETE.  5 WARNING(S),  0 ERROR(S)
